// Vitest Snapshot v1, https://vitest.dev/guide/snapshot.html

exports[`macro-components > basic functionality > renders with correct structure 1`] = `
<div
  data-testid="card"
>
  <h1>
    Hello
  </h1>
</div>
`;

exports[`macro-components > component composition > correctly composes with React components 1`] = `
<div>
  <h2>
    Hello
  </h2>
  <div>
    Beep
  </div>
</div>
`;

exports[`macro-components > error handling > handles missing children gracefully 1`] = `<div />`;

exports[`macro-components > error handling > throws error for invalid child components 1`] = `[Error: Invalid child component: received [object Object]. Must be a valid React element.]`;
